
Allocating common symbols
Common symbol       size              file

extended_standby_para_info
                    0x1c4             arch/arm/mach-sunxi/pm/standby/standby.o
power_regu_tree     0x3c              arch/arm/mach-sunxi/pm/standby/standby.o
pm_info             0x28              arch/arm/mach-sunxi/pm/standby/standby.o
normal_standby_para_info
                    0x14              arch/arm/mach-sunxi/pm/standby/standby.o

Memory Configuration

Name             Origin             Length             Attributes
*default*        0x00000000         0xffffffff

Linker script and memory map

                0x00000000                __standby_start = .

.text           0xf0000000     0x39c8
 arch/arm/mach-sunxi/pm/standby/standby.o(.text.startup)
 *(.text)
 .text          0xf0000000      0x3dc arch/arm/mach-sunxi/pm/standby/standby.o
                0xf0000000                standby_main
 .text          0xf00003dc       0x30 arch/arm/mach-sunxi/pm/standby/common.o
                0xf00003dc                standby_memcpy
 .text          0xf000040c       0xa8 arch/arm/mach-sunxi/pm/standby/standby_clock.o
                0xf000040c                standby_clk_init
                0xf0000434                standby_clk_exit
                0xf000043c                standby_clk_core2hosc
                0xf000045c                standby_clk_ldoenable
                0xf0000494                standby_clk_pll1enable
 .text          0xf00004b4       0x20 arch/arm/mach-sunxi/pm/standby/standby_ir.o
                0xf00004b4                standby_ir_init
                0xf00004bc                standby_ir_exit
                0xf00004c4                standby_ir_detect
                0xf00004cc                standby_ir_verify
 .text          0xf00004d4       0xa0 arch/arm/mach-sunxi/pm/standby/standby_key.o
                0xf00004d4                standby_key_init
                0xf000052c                standby_key_exit
                0xf000054c                standby_query_key
 .text          0xf0000574      0x468 arch/arm/mach-sunxi/pm/standby/axp209_power.o
                0xf00007bc                axp209_set_volt
                0xf000098c                axp209_recovery_volt
 .text          0xf00009dc       0xd4 arch/arm/mach-sunxi/pm/standby/standby_power.o
                0xf00009dc                standby_set_power
                0xf0000a60                standby_recovery_power
 .text          0xf0000ab0      0x338 arch/arm/mach-sunxi/pm/standby/standby_twi.o
                0xf0000ab0                standby_twi_init
                0xf0000afc                standby_twi_exit
                0xf0000b30                twi_byte_rw
 .text          0xf0000de8       0x20 arch/arm/mach-sunxi/pm/standby/standby_usb.o
                0xf0000de8                standby_usb_init
                0xf0000df0                standby_usb_exit
                0xf0000df8                standby_is_usb_status_change
                0xf0000e00                standby_query_usb_event
 .text          0xf0000e08        0x0 arch/arm/mach-sunxi/pm/standby/standby_delay.o
 .text          0xf0000e08      0x378 arch/arm/mach-sunxi/pm/standby/./../pm_debug.o
                0xf0000e08                busy_waiting
                0xf0000e28                save_mem_flag
                0xf0000e2c                clear_mem_flag
                0xf0000e30                mem_status_init
                0xf0000e54                mem_status_init_nommu
                0xf0000e78                mem_status_clear
                0xf0000f0c                mem_status_exit
                0xf0000f10                save_mem_status
                0xf0000fa4                get_mem_status
                0xf0000ff8                show_mem_status
                0xf0001070                save_mem_status_nommu
                0xf0001104                io_init
                0xf000111c                io_init_high
                0xf0001134                io_init_low
                0xf000114c                io_high
 .text          0xf0001180      0x200 arch/arm/mach-sunxi/pm/standby/./../mem_timing.o
                0xf0001180                init_perfcounters
                0xf00011b4                backup_perfcounter
                0xf00011d0                restore_perfcounter
                0xf00011f4                get_cyclecount
                0xf00011fc                reset_counter
                0xf000120c                change_runtime_env
                0xf0001240                delay_us
                0xf00012c8                delay_ms
                0xf00012fc                init_event_counter
                0xf0001328                set_event_counter
                0xf0001354                get_event_counter
 .text          0xf0001380       0xa0 arch/arm/mach-sunxi/pm/standby/./../mem_mmu_pc.o
                0xf0001380                save_mmu_state
                0xf00013bc                restore_mmu_state
 .text          0xf0001420      0x560 arch/arm/mach-sunxi/pm/standby/./../mem_mmu_pc_asm.o
                0xf0001420                save_sp
                0xf000142c                save_sp_nommu
                0xf0001438                restore_sp
                0xf0001440                get_sp
                0xf0001450                get_cur_cluster_id
                0xf0001460                invalidate_dcache
                0xf00014f4                invalidate_icache
                0xf000150c                flush_dcache
                0xf00015a8                flush_icache
                0xf00015cc                disable_cache
                0xf00015ec                disable_dcache
                0xf0001608                disable_icache
                0xf0001624                disable_l2cache
                0xf0001640                enable_cache
                0xf0001660                enable_icache
                0xf000167c                invalidate_branch_predictor
                0xf0001694                disable_program_flow_prediction
                0xf00016b0                enable_program_flow_prediction
                0xf00016cc                mem_flush_tlb
                0xf00016f0                mem_preload_tlb
                0xf00017fc                disable_mmu
                0xf0001834                enable_mmu
                0xf0001874                jump_to_suspend
                0xf0001890                jump_to_resume
                0xf00018b0                jump_to_resume0
                0xf00018c0                jump_to_resume0_nommu
 .text          0xf0001980      0x544 arch/arm/mach-sunxi/pm/standby/./../mem_serial.o
                0xf0001ad4                serial_exit
                0xf0001b14                serial_init_nommu
                0xf0001b98                serial_puts_nommu
                0xf0001c48                serial_gets_nommu
                0xf0001cd4                serial_init_manager
                0xf0001ce8                serial_exit_manager
                0xf0001cfc                serial_init
                0xf0001d88                serial_puts
                0xf0001e38                serial_gets
 .text          0xf0001ec4      0x7ec arch/arm/mach-sunxi/pm/standby/./../mem_printk.o
                0xf0002110                printk
                0xf00023e0                printk_nommu
 .text          0xf00026b0      0x1dc arch/arm/mach-sunxi/pm/standby/./../mem_divlib.o
                0xf00026b0                standby_delay
                0xf00026d8                standby_delay_cycle
                0xf00026e4                Ldiv0
                0xf00026f4                __aeabi_uidiv
                0xf0002790                __aeabi_idiv
                0xf000285c                __aeabi_uidivmod
                0xf0002874                __aeabi_idivmod
 .text          0xf000288c       0x58 arch/arm/mach-sunxi/pm/standby/./../mem_divlibc.o
                0xf000288c                __mem_div0
                0xf0002898                raw_lib_udiv
 .text          0xf00028e4      0x19c arch/arm/mach-sunxi/pm/standby/./../mem_int.o
                0xf00028e4                mem_int_init
                0xf0002974                mem_int_exit
                0xf00029c8                mem_enable_int
                0xf0002a24                mem_query_int
 .text          0xf0002a80       0xa0 arch/arm/mach-sunxi/pm/standby/./../mem_gpio.o
                0xf0002a80                mem_gpio_save
                0xf0002aac                mem_gpio_restore
                0xf0002ad8                config_gpio_clk
 .text          0xf0002b20      0x1e8 arch/arm/mach-sunxi/pm/standby/./../mem_tmr.o
                0xf0002b20                mem_tmr_save
                0xf0002b80                mem_tmr_restore
                0xf0002bd0                mem_tmr_init
                0xf0002c08                mem_tmr_exit
                0xf0002c30                mem_tmr_enable_watchdog
                0xf0002c78                mem_tmr_disable_watchdog
                0xf0002cb8                mem_tmr_set
 .text          0xf0002d08       0x58 arch/arm/mach-sunxi/pm/standby/./../mem_tmstmp.o
                0xf0002d08                mem_tmstmp_save
                0xf0002d38                mem_tmstmp_restore
 .text          0xf0002d60      0x3a4 arch/arm/mach-sunxi/pm/standby/./../mem_clk.o
                0xf0002d60                mem_clk_init
                0xf0002d90                mem_get_ba
                0xf0002da0                mem_clk_save
                0xf0002ddc                mem_clk_restore
                0xf0002e10                mem_clk_setdiv
                0xf0002e80                mem_clk_getdiv
                0xf0002ec8                mem_clk_set_pll_factor
                0xf0002f1c                mem_clk_get_pll_factor
                0xf0002f64                mem_clk_set_misc
                0xf0003018                mem_clk_get_misc
                0xf00030a8                mem_clk_get_cpu_freq
 .text          0xf0003104      0x268 arch/arm/mach-sunxi/pm/standby/./arisc/standby_arisc.o
                0xf0003104                standby_arisc_init
                0xf0003130                standby_arisc_exit
                0xf000315c                standby_arisc_notify_restore
                0xf00031d4                standby_arisc_check_restore_status
                0xf0003258                standby_arisc_query_wakeup_src
                0xf00032f4                standby_arisc_standby_normal
 .text          0xf000336c      0x338 arch/arm/mach-sunxi/pm/standby/./arisc/arisc_hwmsgbox.o
                0xf000336c                arisc_hwmsgbox_init
                0xf0003374                arisc_hwmsgbox_exit
                0xf000337c                arisc_hwmsgbox_send_message
                0xf0003440                arisc_hwmsgbox_feedback_message
                0xf00034e4                arisc_hwmsgbox_enable_receiver_int
                0xf0003538                arisc_hwmsgbox_query_receiver_pending
                0xf0003564                arisc_hwmsgbox_clear_receiver_pending
                0xf0003584                arisc_hwmsgbox_query_message
                0xf0003670                arisc_message_valid
 .text          0xf00036a4       0x54 arch/arm/mach-sunxi/pm/standby/./arisc/arisc_hwspinlock.o
                0xf00036a4                arisc_hwspinlock_init
                0xf00036ac                arisc_hwspinlock_exit
                0xf00036b4                arisc_hwspin_lock_timeout
                0xf00036d8                arisc_hwspin_unlock
 .text          0xf00036f8       0xf0 arch/arm/mach-sunxi/pm/standby/./arisc/arisc_message_manager.o
                0xf00036f8                arisc_message_manager_init
                0xf0003720                arisc_message_manager_exit
                0xf0003728                arisc_message_allocate
                0xf00037bc                arisc_message_free
 .text          0xf00037e8      0x178 arch/arm/mach-sunxi/pm/standby/./../mem_hwspinlock.o
                0xf00037e8                hwspinlock_init
                0xf0003818                hwspin_lock_timeout
                0xf0003894                hwspin_unlock
                0xf00038c4                hwspin_lock_timeout_nommu
                0xf0003930                hwspin_unlock_nommu
 *(.rodata)
 .rodata        0xf0003960       0x40 arch/arm/mach-sunxi/pm/standby/axp209_power.o
 .rodata        0xf00039a0        0xc arch/arm/mach-sunxi/pm/standby/standby_twi.o
 .rodata        0xf00039ac       0x10 arch/arm/mach-sunxi/pm/standby/./../mem_timing.o
 .rodata        0xf00039bc        0xc arch/arm/mach-sunxi/pm/standby/./../mem_serial.o

.rodata.str1.4  0xf00039c8      0x274
 .rodata.str1.4
                0xf00039c8      0x1c2 arch/arm/mach-sunxi/pm/standby/standby.o
                                0x1c4 (size before relaxing)
 *fill*         0xf0003b8a        0x2 00
 .rodata.str1.4
                0xf0003b8c       0x1a arch/arm/mach-sunxi/pm/standby/standby_power.o
                                 0x1c (size before relaxing)
 *fill*         0xf0003ba6        0x2 00
 .rodata.str1.4
                0xf0003ba8       0x17 arch/arm/mach-sunxi/pm/standby/./../pm_debug.o
                                 0x18 (size before relaxing)
 *fill*         0xf0003bbf        0x1 00
 .rodata.str1.4
                0xf0003bc0       0x25 arch/arm/mach-sunxi/pm/standby/./../mem_printk.o
                                 0x28 (size before relaxing)
 *fill*         0xf0003be5        0x3 00
 .rodata.str1.4
                0xf0003be8       0x1a arch/arm/mach-sunxi/pm/standby/./../mem_divlibc.o
                                 0x1c (size before relaxing)
 *fill*         0xf0003c02        0x2 00
 .rodata.str1.4
                0xf0003c04       0x1b arch/arm/mach-sunxi/pm/standby/./../mem_int.o
                                 0x1c (size before relaxing)
 *fill*         0xf0003c1f        0x1 00
 .rodata.str1.4
                0xf0003c20       0x1c arch/arm/mach-sunxi/pm/standby/./../mem_hwspinlock.o

.glue_7         0xf0003c3c        0x0
 .glue_7        0x00000000        0x0 linker stubs

.glue_7t        0xf0003c3c        0x0
 .glue_7t       0x00000000        0x0 linker stubs

.vfp11_veneer   0xf0003c3c        0x0
 .vfp11_veneer  0x00000000        0x0 linker stubs

.v4_bx          0xf0003c3c        0x0
 .v4_bx         0x00000000        0x0 linker stubs

.iplt           0xf0003c3c        0x0
 .iplt          0x00000000        0x0 arch/arm/mach-sunxi/pm/standby/standby.o

.rel.dyn        0xf0003c3c        0x0
 .rel.iplt      0x00000000        0x0 arch/arm/mach-sunxi/pm/standby/standby.o

.data           0xf0003c3c       0xac
 *(.data)
 .data          0xf0003c3c        0x0 arch/arm/mach-sunxi/pm/standby/standby.o
 .data          0xf0003c3c        0x0 arch/arm/mach-sunxi/pm/standby/common.o
 .data          0xf0003c3c        0x0 arch/arm/mach-sunxi/pm/standby/standby_clock.o
 .data          0xf0003c3c        0x0 arch/arm/mach-sunxi/pm/standby/standby_ir.o
 .data          0xf0003c3c        0x0 arch/arm/mach-sunxi/pm/standby/standby_key.o
 .data          0xf0003c3c       0xa8 arch/arm/mach-sunxi/pm/standby/axp209_power.o
 .data          0xf0003ce4        0x0 arch/arm/mach-sunxi/pm/standby/standby_power.o
 .data          0xf0003ce4        0x0 arch/arm/mach-sunxi/pm/standby/standby_twi.o
 .data          0xf0003ce4        0x0 arch/arm/mach-sunxi/pm/standby/standby_usb.o
 .data          0xf0003ce4        0x0 arch/arm/mach-sunxi/pm/standby/standby_delay.o
 .data          0xf0003ce4        0x0 arch/arm/mach-sunxi/pm/standby/./../pm_debug.o
 .data          0xf0003ce4        0x0 arch/arm/mach-sunxi/pm/standby/./../mem_timing.o
 .data          0xf0003ce4        0x0 arch/arm/mach-sunxi/pm/standby/./../mem_mmu_pc.o
 .data          0xf0003ce4        0x0 arch/arm/mach-sunxi/pm/standby/./../mem_mmu_pc_asm.o
 .data          0xf0003ce4        0x0 arch/arm/mach-sunxi/pm/standby/./../mem_serial.o
 .data          0xf0003ce4        0x0 arch/arm/mach-sunxi/pm/standby/./../mem_printk.o
 .data          0xf0003ce4        0x0 arch/arm/mach-sunxi/pm/standby/./../mem_divlib.o
 .data          0xf0003ce4        0x0 arch/arm/mach-sunxi/pm/standby/./../mem_divlibc.o
 .data          0xf0003ce4        0x0 arch/arm/mach-sunxi/pm/standby/./../mem_int.o
 .data          0xf0003ce4        0x0 arch/arm/mach-sunxi/pm/standby/./../mem_gpio.o
 .data          0xf0003ce4        0x0 arch/arm/mach-sunxi/pm/standby/./../mem_tmr.o
 .data          0xf0003ce4        0x0 arch/arm/mach-sunxi/pm/standby/./../mem_tmstmp.o
 .data          0xf0003ce4        0x0 arch/arm/mach-sunxi/pm/standby/./../mem_clk.o
 .data          0xf0003ce4        0x4 arch/arm/mach-sunxi/pm/standby/./arisc/standby_arisc.o
                0xf0003ce4                arisc_sram_a2_vbase
 .data          0xf0003ce8        0x0 arch/arm/mach-sunxi/pm/standby/./arisc/arisc_hwmsgbox.o
 .data          0xf0003ce8        0x0 arch/arm/mach-sunxi/pm/standby/./arisc/arisc_hwspinlock.o
 .data          0xf0003ce8        0x0 arch/arm/mach-sunxi/pm/standby/./arisc/arisc_message_manager.o
 .data          0xf0003ce8        0x0 arch/arm/mach-sunxi/pm/standby/./../mem_hwspinlock.o
                0xf0003ce8                __bss_start = .

.igot.plt       0xf0003ce8        0x0
 .igot.plt      0x00000000        0x0 arch/arm/mach-sunxi/pm/standby/standby.o

.bss            0xf0003ce8      0x418
 *(.sbss)
 *(.scommon)
 *(.bss)
 .bss           0xf0003ce8       0x24 arch/arm/mach-sunxi/pm/standby/standby.o
                0xf0003cec                d_cache_miss_start
                0xf0003cf0                d_tlb_miss_start
                0xf0003cf4                i_tlb_miss_start
                0xf0003cf8                i_cache_miss_start
                0xf0003cfc                d_cache_miss_end
                0xf0003d00                d_tlb_miss_end
                0xf0003d04                i_tlb_miss_end
                0xf0003d08                i_cache_miss_end
 .bss           0xf0003d0c        0x0 arch/arm/mach-sunxi/pm/standby/common.o
 .bss           0xf0003d0c       0x10 arch/arm/mach-sunxi/pm/standby/standby_clock.o
 .bss           0xf0003d1c        0x0 arch/arm/mach-sunxi/pm/standby/standby_ir.o
 .bss           0xf0003d1c        0xc arch/arm/mach-sunxi/pm/standby/standby_key.o
 .bss           0xf0003d28       0x18 arch/arm/mach-sunxi/pm/standby/axp209_power.o
 .bss           0xf0003d40        0x0 arch/arm/mach-sunxi/pm/standby/standby_power.o
 .bss           0xf0003d40        0xc arch/arm/mach-sunxi/pm/standby/standby_twi.o
 .bss           0xf0003d4c        0x0 arch/arm/mach-sunxi/pm/standby/standby_usb.o
 .bss           0xf0003d4c        0x0 arch/arm/mach-sunxi/pm/standby/standby_delay.o
 .bss           0xf0003d4c       0x14 arch/arm/mach-sunxi/pm/standby/./../pm_debug.o
                0xf0003d5c                print_flag
 .bss           0xf0003d60       0x10 arch/arm/mach-sunxi/pm/standby/./../mem_timing.o
 .bss           0xf0003d70        0x0 arch/arm/mach-sunxi/pm/standby/./../mem_mmu_pc.o
 .bss           0xf0003d70        0x0 arch/arm/mach-sunxi/pm/standby/./../mem_mmu_pc_asm.o
 .bss           0xf0003d70       0x14 arch/arm/mach-sunxi/pm/standby/./../mem_serial.o
 .bss           0xf0003d84      0x100 arch/arm/mach-sunxi/pm/standby/./../mem_printk.o
 .bss           0xf0003e84        0x0 arch/arm/mach-sunxi/pm/standby/./../mem_divlib.o
 .bss           0xf0003e84        0x0 arch/arm/mach-sunxi/pm/standby/./../mem_divlibc.o
 .bss           0xf0003e84        0x8 arch/arm/mach-sunxi/pm/standby/./../mem_int.o
 .bss           0xf0003e8c        0x4 arch/arm/mach-sunxi/pm/standby/./../mem_gpio.o
 .bss           0xf0003e90       0x10 arch/arm/mach-sunxi/pm/standby/./../mem_tmr.o
 .bss           0xf0003ea0        0x4 arch/arm/mach-sunxi/pm/standby/./../mem_tmstmp.o
 .bss           0xf0003ea4        0xc arch/arm/mach-sunxi/pm/standby/./../mem_clk.o
 .bss           0xf0003eb0        0x8 arch/arm/mach-sunxi/pm/standby/./arisc/standby_arisc.o
 .bss           0xf0003eb8        0x0 arch/arm/mach-sunxi/pm/standby/./arisc/arisc_hwmsgbox.o
 .bss           0xf0003eb8        0x0 arch/arm/mach-sunxi/pm/standby/./arisc/arisc_hwspinlock.o
 .bss           0xf0003eb8        0x8 arch/arm/mach-sunxi/pm/standby/./arisc/arisc_message_manager.o
 .bss           0xf0003ec0        0x4 arch/arm/mach-sunxi/pm/standby/./../mem_hwspinlock.o
 *(COMMON)
 COMMON         0xf0003ec4      0x23c arch/arm/mach-sunxi/pm/standby/standby.o
                0xf0003ec4                extended_standby_para_info
                0xf0004088                power_regu_tree
                0xf00040c4                pm_info
                0xf00040ec                normal_standby_para_info
                0xf0004100                __bss_end = .
                0xf0004100                __standby_end = .
LOAD arch/arm/mach-sunxi/pm/standby/common.o
LOAD arch/arm/mach-sunxi/pm/standby/standby_clock.o
LOAD arch/arm/mach-sunxi/pm/standby/standby_ir.o
LOAD arch/arm/mach-sunxi/pm/standby/standby_key.o
LOAD arch/arm/mach-sunxi/pm/standby/axp209_power.o
LOAD arch/arm/mach-sunxi/pm/standby/standby_power.o
LOAD arch/arm/mach-sunxi/pm/standby/standby_twi.o
LOAD arch/arm/mach-sunxi/pm/standby/standby_usb.o
LOAD arch/arm/mach-sunxi/pm/standby/standby_delay.o
LOAD arch/arm/mach-sunxi/pm/standby/./../pm_debug.o
LOAD arch/arm/mach-sunxi/pm/standby/./../mem_timing.o
LOAD arch/arm/mach-sunxi/pm/standby/./../mem_mmu_pc.o
LOAD arch/arm/mach-sunxi/pm/standby/./../mem_mmu_pc_asm.o
LOAD arch/arm/mach-sunxi/pm/standby/./../mem_serial.o
LOAD arch/arm/mach-sunxi/pm/standby/./../mem_printk.o
LOAD arch/arm/mach-sunxi/pm/standby/./../mem_divlib.o
LOAD arch/arm/mach-sunxi/pm/standby/./../mem_divlibc.o
LOAD arch/arm/mach-sunxi/pm/standby/./../mem_int.o
LOAD arch/arm/mach-sunxi/pm/standby/./../mem_gpio.o
LOAD arch/arm/mach-sunxi/pm/standby/./../mem_tmr.o
LOAD arch/arm/mach-sunxi/pm/standby/./../mem_tmstmp.o
LOAD arch/arm/mach-sunxi/pm/standby/./../mem_clk.o
LOAD arch/arm/mach-sunxi/pm/standby/standby.o
LOAD arch/arm/mach-sunxi/pm/standby/./arisc/standby_arisc.o
LOAD arch/arm/mach-sunxi/pm/standby/./arisc/arisc_hwmsgbox.o
LOAD arch/arm/mach-sunxi/pm/standby/./arisc/arisc_hwspinlock.o
LOAD arch/arm/mach-sunxi/pm/standby/./arisc/arisc_message_manager.o
LOAD arch/arm/mach-sunxi/pm/standby/./../mem_hwspinlock.o
OUTPUT(arch/arm/mach-sunxi/pm/standby/standby.elf elf32-littlearm)

.debug_info     0x00000000     0x7645
 .debug_info    0x00000000      0x8a7 arch/arm/mach-sunxi/pm/standby/standby.o
 .debug_info    0x000008a7       0xd4 arch/arm/mach-sunxi/pm/standby/common.o
 .debug_info    0x0000097b      0xd84 arch/arm/mach-sunxi/pm/standby/standby_clock.o
 .debug_info    0x000016ff       0xd7 arch/arm/mach-sunxi/pm/standby/standby_ir.o
 .debug_info    0x000017d6      0x1f5 arch/arm/mach-sunxi/pm/standby/standby_key.o
 .debug_info    0x000019cb      0x477 arch/arm/mach-sunxi/pm/standby/axp209_power.o
 .debug_info    0x00001e42      0x1ec arch/arm/mach-sunxi/pm/standby/standby_power.o
 .debug_info    0x0000202e      0x338 arch/arm/mach-sunxi/pm/standby/standby_twi.o
 .debug_info    0x00002366       0xf6 arch/arm/mach-sunxi/pm/standby/standby_usb.o
 .debug_info    0x0000245c      0x3e1 arch/arm/mach-sunxi/pm/standby/./../pm_debug.o
 .debug_info    0x0000283d      0x4fa arch/arm/mach-sunxi/pm/standby/./../mem_timing.o
 .debug_info    0x00002d37      0x14f arch/arm/mach-sunxi/pm/standby/./../mem_mmu_pc.o
 .debug_info    0x00002e86     0x11bd arch/arm/mach-sunxi/pm/standby/./../mem_serial.o
 .debug_info    0x00004043      0x844 arch/arm/mach-sunxi/pm/standby/./../mem_printk.o
 .debug_info    0x00004887       0xfa arch/arm/mach-sunxi/pm/standby/./../mem_divlibc.o
 .debug_info    0x00004981      0x2d1 arch/arm/mach-sunxi/pm/standby/./../mem_int.o
 .debug_info    0x00004c52      0x16a arch/arm/mach-sunxi/pm/standby/./../mem_gpio.o
 .debug_info    0x00004dbc      0x48c arch/arm/mach-sunxi/pm/standby/./../mem_tmr.o
 .debug_info    0x00005248      0x1ba arch/arm/mach-sunxi/pm/standby/./../mem_tmstmp.o
 .debug_info    0x00005402     0x1083 arch/arm/mach-sunxi/pm/standby/./../mem_clk.o
 .debug_info    0x00006485      0x6a8 arch/arm/mach-sunxi/pm/standby/./arisc/standby_arisc.o
 .debug_info    0x00006b2d      0x46d arch/arm/mach-sunxi/pm/standby/./arisc/arisc_hwmsgbox.o
 .debug_info    0x00006f9a       0xfd arch/arm/mach-sunxi/pm/standby/./arisc/arisc_hwspinlock.o
 .debug_info    0x00007097      0x2ab arch/arm/mach-sunxi/pm/standby/./arisc/arisc_message_manager.o
 .debug_info    0x00007342      0x303 arch/arm/mach-sunxi/pm/standby/./../mem_hwspinlock.o

.debug_abbrev   0x00000000     0x1f4e
 .debug_abbrev  0x00000000      0x224 arch/arm/mach-sunxi/pm/standby/standby.o
 .debug_abbrev  0x00000224       0x8d arch/arm/mach-sunxi/pm/standby/common.o
 .debug_abbrev  0x000002b1      0x183 arch/arm/mach-sunxi/pm/standby/standby_clock.o
 .debug_abbrev  0x00000434       0x4e arch/arm/mach-sunxi/pm/standby/standby_ir.o
 .debug_abbrev  0x00000482       0xc7 arch/arm/mach-sunxi/pm/standby/standby_key.o
 .debug_abbrev  0x00000549      0x1aa arch/arm/mach-sunxi/pm/standby/axp209_power.o
 .debug_abbrev  0x000006f3       0xe8 arch/arm/mach-sunxi/pm/standby/standby_power.o
 .debug_abbrev  0x000007db      0x17f arch/arm/mach-sunxi/pm/standby/standby_twi.o
 .debug_abbrev  0x0000095a       0x76 arch/arm/mach-sunxi/pm/standby/standby_usb.o
 .debug_abbrev  0x000009d0      0x192 arch/arm/mach-sunxi/pm/standby/./../pm_debug.o
 .debug_abbrev  0x00000b62      0x1f0 arch/arm/mach-sunxi/pm/standby/./../mem_timing.o
 .debug_abbrev  0x00000d52       0xa8 arch/arm/mach-sunxi/pm/standby/./../mem_mmu_pc.o
 .debug_abbrev  0x00000dfa      0x31c arch/arm/mach-sunxi/pm/standby/./../mem_serial.o
 .debug_abbrev  0x00001116      0x221 arch/arm/mach-sunxi/pm/standby/./../mem_printk.o
 .debug_abbrev  0x00001337       0x81 arch/arm/mach-sunxi/pm/standby/./../mem_divlibc.o
 .debug_abbrev  0x000013b8       0xcb arch/arm/mach-sunxi/pm/standby/./../mem_int.o
 .debug_abbrev  0x00001483       0xda arch/arm/mach-sunxi/pm/standby/./../mem_gpio.o
 .debug_abbrev  0x0000155d       0xf2 arch/arm/mach-sunxi/pm/standby/./../mem_tmr.o
 .debug_abbrev  0x0000164f       0xd5 arch/arm/mach-sunxi/pm/standby/./../mem_tmstmp.o
 .debug_abbrev  0x00001724      0x1af arch/arm/mach-sunxi/pm/standby/./../mem_clk.o
 .debug_abbrev  0x000018d3      0x182 arch/arm/mach-sunxi/pm/standby/./arisc/standby_arisc.o
 .debug_abbrev  0x00001a55      0x1e1 arch/arm/mach-sunxi/pm/standby/./arisc/arisc_hwmsgbox.o
 .debug_abbrev  0x00001c36       0x8f arch/arm/mach-sunxi/pm/standby/./arisc/arisc_hwspinlock.o
 .debug_abbrev  0x00001cc5      0x141 arch/arm/mach-sunxi/pm/standby/./arisc/arisc_message_manager.o
 .debug_abbrev  0x00001e06      0x148 arch/arm/mach-sunxi/pm/standby/./../mem_hwspinlock.o

.debug_loc      0x00000000     0x2ca9
 .debug_loc     0x00000000       0x51 arch/arm/mach-sunxi/pm/standby/standby.o
 .debug_loc     0x00000051       0x46 arch/arm/mach-sunxi/pm/standby/common.o
 .debug_loc     0x00000097       0x2e arch/arm/mach-sunxi/pm/standby/standby_clock.o
 .debug_loc     0x000000c5       0x20 arch/arm/mach-sunxi/pm/standby/standby_key.o
 .debug_loc     0x000000e5      0x403 arch/arm/mach-sunxi/pm/standby/axp209_power.o
 .debug_loc     0x000004e8      0x1bb arch/arm/mach-sunxi/pm/standby/standby_power.o
 .debug_loc     0x000006a3      0x303 arch/arm/mach-sunxi/pm/standby/standby_twi.o
 .debug_loc     0x000009a6       0x13 arch/arm/mach-sunxi/pm/standby/standby_usb.o
 .debug_loc     0x000009b9      0x1ee arch/arm/mach-sunxi/pm/standby/./../pm_debug.o
 .debug_loc     0x00000ba7      0x3a0 arch/arm/mach-sunxi/pm/standby/./../mem_timing.o
 .debug_loc     0x00000f47      0x539 arch/arm/mach-sunxi/pm/standby/./../mem_serial.o
 .debug_loc     0x00001480      0x9e9 arch/arm/mach-sunxi/pm/standby/./../mem_printk.o
 .debug_loc     0x00001e69       0xb2 arch/arm/mach-sunxi/pm/standby/./../mem_divlibc.o
 .debug_loc     0x00001f1b      0x1d9 arch/arm/mach-sunxi/pm/standby/./../mem_int.o
 .debug_loc     0x000020f4       0x8f arch/arm/mach-sunxi/pm/standby/./../mem_gpio.o
 .debug_loc     0x00002183       0x4f arch/arm/mach-sunxi/pm/standby/./../mem_tmr.o
 .debug_loc     0x000021d2       0x3c arch/arm/mach-sunxi/pm/standby/./../mem_tmstmp.o
 .debug_loc     0x0000220e      0x244 arch/arm/mach-sunxi/pm/standby/./../mem_clk.o
 .debug_loc     0x00002452      0x21f arch/arm/mach-sunxi/pm/standby/./arisc/standby_arisc.o
 .debug_loc     0x00002671      0x33b arch/arm/mach-sunxi/pm/standby/./arisc/arisc_hwmsgbox.o
 .debug_loc     0x000029ac       0x26 arch/arm/mach-sunxi/pm/standby/./arisc/arisc_hwspinlock.o
 .debug_loc     0x000029d2      0x100 arch/arm/mach-sunxi/pm/standby/./arisc/arisc_message_manager.o
 .debug_loc     0x00002ad2      0x1d7 arch/arm/mach-sunxi/pm/standby/./../mem_hwspinlock.o

.debug_aranges  0x00000000      0x320
 .debug_aranges
                0x00000000       0x20 arch/arm/mach-sunxi/pm/standby/standby.o
 .debug_aranges
                0x00000020       0x20 arch/arm/mach-sunxi/pm/standby/common.o
 .debug_aranges
                0x00000040       0x20 arch/arm/mach-sunxi/pm/standby/standby_clock.o
 .debug_aranges
                0x00000060       0x20 arch/arm/mach-sunxi/pm/standby/standby_ir.o
 .debug_aranges
                0x00000080       0x20 arch/arm/mach-sunxi/pm/standby/standby_key.o
 .debug_aranges
                0x000000a0       0x20 arch/arm/mach-sunxi/pm/standby/axp209_power.o
 .debug_aranges
                0x000000c0       0x20 arch/arm/mach-sunxi/pm/standby/standby_power.o
 .debug_aranges
                0x000000e0       0x20 arch/arm/mach-sunxi/pm/standby/standby_twi.o
 .debug_aranges
                0x00000100       0x20 arch/arm/mach-sunxi/pm/standby/standby_usb.o
 .debug_aranges
                0x00000120       0x20 arch/arm/mach-sunxi/pm/standby/./../pm_debug.o
 .debug_aranges
                0x00000140       0x20 arch/arm/mach-sunxi/pm/standby/./../mem_timing.o
 .debug_aranges
                0x00000160       0x20 arch/arm/mach-sunxi/pm/standby/./../mem_mmu_pc.o
 .debug_aranges
                0x00000180       0x20 arch/arm/mach-sunxi/pm/standby/./../mem_serial.o
 .debug_aranges
                0x000001a0       0x20 arch/arm/mach-sunxi/pm/standby/./../mem_printk.o
 .debug_aranges
                0x000001c0       0x20 arch/arm/mach-sunxi/pm/standby/./../mem_divlibc.o
 .debug_aranges
                0x000001e0       0x20 arch/arm/mach-sunxi/pm/standby/./../mem_int.o
 .debug_aranges
                0x00000200       0x20 arch/arm/mach-sunxi/pm/standby/./../mem_gpio.o
 .debug_aranges
                0x00000220       0x20 arch/arm/mach-sunxi/pm/standby/./../mem_tmr.o
 .debug_aranges
                0x00000240       0x20 arch/arm/mach-sunxi/pm/standby/./../mem_tmstmp.o
 .debug_aranges
                0x00000260       0x20 arch/arm/mach-sunxi/pm/standby/./../mem_clk.o
 .debug_aranges
                0x00000280       0x20 arch/arm/mach-sunxi/pm/standby/./arisc/standby_arisc.o
 .debug_aranges
                0x000002a0       0x20 arch/arm/mach-sunxi/pm/standby/./arisc/arisc_hwmsgbox.o
 .debug_aranges
                0x000002c0       0x20 arch/arm/mach-sunxi/pm/standby/./arisc/arisc_hwspinlock.o
 .debug_aranges
                0x000002e0       0x20 arch/arm/mach-sunxi/pm/standby/./arisc/arisc_message_manager.o
 .debug_aranges
                0x00000300       0x20 arch/arm/mach-sunxi/pm/standby/./../mem_hwspinlock.o

.debug_ranges   0x00000000      0x340
 .debug_ranges  0x00000000       0x88 arch/arm/mach-sunxi/pm/standby/standby.o
 .debug_ranges  0x00000088       0x80 arch/arm/mach-sunxi/pm/standby/axp209_power.o
 .debug_ranges  0x00000108       0x40 arch/arm/mach-sunxi/pm/standby/standby_twi.o
 .debug_ranges  0x00000148      0x128 arch/arm/mach-sunxi/pm/standby/./../mem_serial.o
 .debug_ranges  0x00000270       0x30 arch/arm/mach-sunxi/pm/standby/./../mem_printk.o
 .debug_ranges  0x000002a0       0x50 arch/arm/mach-sunxi/pm/standby/./arisc/arisc_hwmsgbox.o
 .debug_ranges  0x000002f0       0x50 arch/arm/mach-sunxi/pm/standby/./../mem_hwspinlock.o

.debug_line     0x00000000     0x1caa
 .debug_line    0x00000000      0x18e arch/arm/mach-sunxi/pm/standby/standby.o
 .debug_line    0x0000018e       0x6c arch/arm/mach-sunxi/pm/standby/common.o
 .debug_line    0x000001fa       0xf7 arch/arm/mach-sunxi/pm/standby/standby_clock.o
 .debug_line    0x000002f1       0x98 arch/arm/mach-sunxi/pm/standby/standby_ir.o
 .debug_line    0x00000389       0xe6 arch/arm/mach-sunxi/pm/standby/standby_key.o
 .debug_line    0x0000046f      0x190 arch/arm/mach-sunxi/pm/standby/axp209_power.o
 .debug_line    0x000005ff       0xb1 arch/arm/mach-sunxi/pm/standby/standby_power.o
 .debug_line    0x000006b0      0x19b arch/arm/mach-sunxi/pm/standby/standby_twi.o
 .debug_line    0x0000084b       0x99 arch/arm/mach-sunxi/pm/standby/standby_usb.o
 .debug_line    0x000008e4      0x14f arch/arm/mach-sunxi/pm/standby/./../pm_debug.o
 .debug_line    0x00000a33      0x137 arch/arm/mach-sunxi/pm/standby/./../mem_timing.o
 .debug_line    0x00000b6a       0xb4 arch/arm/mach-sunxi/pm/standby/./../mem_mmu_pc.o
 .debug_line    0x00000c1e      0x20d arch/arm/mach-sunxi/pm/standby/./../mem_serial.o
 .debug_line    0x00000e2b      0x34c arch/arm/mach-sunxi/pm/standby/./../mem_printk.o
 .debug_line    0x00001177       0x88 arch/arm/mach-sunxi/pm/standby/./../mem_divlibc.o
 .debug_line    0x000011ff      0x127 arch/arm/mach-sunxi/pm/standby/./../mem_int.o
 .debug_line    0x00001326       0xae arch/arm/mach-sunxi/pm/standby/./../mem_gpio.o
 .debug_line    0x000013d4      0x102 arch/arm/mach-sunxi/pm/standby/./../mem_tmr.o
 .debug_line    0x000014d6       0xb5 arch/arm/mach-sunxi/pm/standby/./../mem_tmstmp.o
 .debug_line    0x0000158b      0x194 arch/arm/mach-sunxi/pm/standby/./../mem_clk.o
 .debug_line    0x0000171f      0x13d arch/arm/mach-sunxi/pm/standby/./arisc/standby_arisc.o
 .debug_line    0x0000185c      0x1b6 arch/arm/mach-sunxi/pm/standby/./arisc/arisc_hwmsgbox.o
 .debug_line    0x00001a12       0x81 arch/arm/mach-sunxi/pm/standby/./arisc/arisc_hwspinlock.o
 .debug_line    0x00001a93       0xf4 arch/arm/mach-sunxi/pm/standby/./arisc/arisc_message_manager.o
 .debug_line    0x00001b87      0x123 arch/arm/mach-sunxi/pm/standby/./../mem_hwspinlock.o

.debug_str      0x00000000     0x2850
 .debug_str     0x00000000      0x91f arch/arm/mach-sunxi/pm/standby/standby.o
                                0x9cd (size before relaxing)
 .debug_str     0x0000091f       0x47 arch/arm/mach-sunxi/pm/standby/common.o
                                0x132 (size before relaxing)
 .debug_str     0x00000966      0x799 arch/arm/mach-sunxi/pm/standby/standby_clock.o
                                0x97b (size before relaxing)
 .debug_str     0x000010ff       0x70 arch/arm/mach-sunxi/pm/standby/standby_ir.o
                                0x15c (size before relaxing)
 .debug_str     0x0000116f       0xf1 arch/arm/mach-sunxi/pm/standby/standby_key.o
                                0x2b6 (size before relaxing)
 .debug_str     0x00001260      0x219 arch/arm/mach-sunxi/pm/standby/axp209_power.o
                                0x3f5 (size before relaxing)
 .debug_str     0x00001479       0xcf arch/arm/mach-sunxi/pm/standby/standby_power.o
                                0x203 (size before relaxing)
 .debug_str     0x00001548      0x133 arch/arm/mach-sunxi/pm/standby/standby_twi.o
                                0x332 (size before relaxing)
 .debug_str     0x0000167b       0x84 arch/arm/mach-sunxi/pm/standby/standby_usb.o
                                0x17b (size before relaxing)
 .debug_str     0x000016ff      0x1a5 arch/arm/mach-sunxi/pm/standby/./../pm_debug.o
                                0x37d (size before relaxing)
 .debug_str     0x000018a4      0x181 arch/arm/mach-sunxi/pm/standby/./../mem_timing.o
                                0x39f (size before relaxing)
 .debug_str     0x00001a25       0x8f arch/arm/mach-sunxi/pm/standby/./../mem_mmu_pc.o
                                0x185 (size before relaxing)
 .debug_str     0x00001ab4      0x1d0 arch/arm/mach-sunxi/pm/standby/./../mem_serial.o
                                0xa7f (size before relaxing)
 .debug_str     0x00001c84       0xe7 arch/arm/mach-sunxi/pm/standby/./../mem_printk.o
                                0x2cc (size before relaxing)
 .debug_str     0x00001d6b       0x6b arch/arm/mach-sunxi/pm/standby/./../mem_divlibc.o
                                0x163 (size before relaxing)
 .debug_str     0x00001dd6       0x97 arch/arm/mach-sunxi/pm/standby/./../mem_int.o
                                0x440 (size before relaxing)
 .debug_str     0x00001e6d       0x9d arch/arm/mach-sunxi/pm/standby/./../mem_gpio.o
                                0x1a3 (size before relaxing)
 .debug_str     0x00001f0a      0x243 arch/arm/mach-sunxi/pm/standby/./../mem_tmr.o
                                0x458 (size before relaxing)
 .debug_str     0x0000214d       0xa1 arch/arm/mach-sunxi/pm/standby/./../mem_tmstmp.o
                                0x270 (size before relaxing)
 .debug_str     0x000021ee      0x176 arch/arm/mach-sunxi/pm/standby/./../mem_clk.o
                                0xa6f (size before relaxing)
 .debug_str     0x00002364      0x15b arch/arm/mach-sunxi/pm/standby/./arisc/standby_arisc.o
                                0x588 (size before relaxing)
 .debug_str     0x000024bf      0x18a arch/arm/mach-sunxi/pm/standby/./arisc/arisc_hwmsgbox.o
                                0x2fe (size before relaxing)
 .debug_str     0x00002649       0x99 arch/arm/mach-sunxi/pm/standby/./arisc/arisc_hwspinlock.o
                                0x187 (size before relaxing)
 .debug_str     0x000026e2       0xc9 arch/arm/mach-sunxi/pm/standby/./arisc/arisc_message_manager.o
                                0x2f7 (size before relaxing)
 .debug_str     0x000027ab       0xa5 arch/arm/mach-sunxi/pm/standby/./../mem_hwspinlock.o
                                0x2b2 (size before relaxing)

.comment        0x00000000       0x64
 .comment       0x00000000       0x64 arch/arm/mach-sunxi/pm/standby/standby.o
                                 0x65 (size before relaxing)
 .comment       0x00000000       0x65 arch/arm/mach-sunxi/pm/standby/common.o
 .comment       0x00000000       0x65 arch/arm/mach-sunxi/pm/standby/standby_clock.o
 .comment       0x00000000       0x65 arch/arm/mach-sunxi/pm/standby/standby_ir.o
 .comment       0x00000000       0x65 arch/arm/mach-sunxi/pm/standby/standby_key.o
 .comment       0x00000000       0x65 arch/arm/mach-sunxi/pm/standby/axp209_power.o
 .comment       0x00000000       0x65 arch/arm/mach-sunxi/pm/standby/standby_power.o
 .comment       0x00000000       0x65 arch/arm/mach-sunxi/pm/standby/standby_twi.o
 .comment       0x00000000       0x65 arch/arm/mach-sunxi/pm/standby/standby_usb.o
 .comment       0x00000000       0x65 arch/arm/mach-sunxi/pm/standby/./../pm_debug.o
 .comment       0x00000000       0x65 arch/arm/mach-sunxi/pm/standby/./../mem_timing.o
 .comment       0x00000000       0x65 arch/arm/mach-sunxi/pm/standby/./../mem_mmu_pc.o
 .comment       0x00000000       0x65 arch/arm/mach-sunxi/pm/standby/./../mem_serial.o
 .comment       0x00000000       0x65 arch/arm/mach-sunxi/pm/standby/./../mem_printk.o
 .comment       0x00000000       0x65 arch/arm/mach-sunxi/pm/standby/./../mem_divlibc.o
 .comment       0x00000000       0x65 arch/arm/mach-sunxi/pm/standby/./../mem_int.o
 .comment       0x00000000       0x65 arch/arm/mach-sunxi/pm/standby/./../mem_gpio.o
 .comment       0x00000000       0x65 arch/arm/mach-sunxi/pm/standby/./../mem_tmr.o
 .comment       0x00000000       0x65 arch/arm/mach-sunxi/pm/standby/./../mem_tmstmp.o
 .comment       0x00000000       0x65 arch/arm/mach-sunxi/pm/standby/./../mem_clk.o
 .comment       0x00000000       0x65 arch/arm/mach-sunxi/pm/standby/./arisc/standby_arisc.o
 .comment       0x00000000       0x65 arch/arm/mach-sunxi/pm/standby/./arisc/arisc_hwmsgbox.o
 .comment       0x00000000       0x65 arch/arm/mach-sunxi/pm/standby/./arisc/arisc_hwspinlock.o
 .comment       0x00000000       0x65 arch/arm/mach-sunxi/pm/standby/./arisc/arisc_message_manager.o
 .comment       0x00000000       0x65 arch/arm/mach-sunxi/pm/standby/./../mem_hwspinlock.o

.note.GNU-stack
                0x00000000        0x0
 .note.GNU-stack
                0x00000000        0x0 arch/arm/mach-sunxi/pm/standby/standby.o
 .note.GNU-stack
                0x00000000        0x0 arch/arm/mach-sunxi/pm/standby/common.o
 .note.GNU-stack
                0x00000000        0x0 arch/arm/mach-sunxi/pm/standby/standby_clock.o
 .note.GNU-stack
                0x00000000        0x0 arch/arm/mach-sunxi/pm/standby/standby_ir.o
 .note.GNU-stack
                0x00000000        0x0 arch/arm/mach-sunxi/pm/standby/standby_key.o
 .note.GNU-stack
                0x00000000        0x0 arch/arm/mach-sunxi/pm/standby/axp209_power.o
 .note.GNU-stack
                0x00000000        0x0 arch/arm/mach-sunxi/pm/standby/standby_power.o
 .note.GNU-stack
                0x00000000        0x0 arch/arm/mach-sunxi/pm/standby/standby_twi.o
 .note.GNU-stack
                0x00000000        0x0 arch/arm/mach-sunxi/pm/standby/standby_usb.o
 .note.GNU-stack
                0x00000000        0x0 arch/arm/mach-sunxi/pm/standby/./../pm_debug.o
 .note.GNU-stack
                0x00000000        0x0 arch/arm/mach-sunxi/pm/standby/./../mem_timing.o
 .note.GNU-stack
                0x00000000        0x0 arch/arm/mach-sunxi/pm/standby/./../mem_mmu_pc.o
 .note.GNU-stack
                0x00000000        0x0 arch/arm/mach-sunxi/pm/standby/./../mem_serial.o
 .note.GNU-stack
                0x00000000        0x0 arch/arm/mach-sunxi/pm/standby/./../mem_printk.o
 .note.GNU-stack
                0x00000000        0x0 arch/arm/mach-sunxi/pm/standby/./../mem_divlibc.o
 .note.GNU-stack
                0x00000000        0x0 arch/arm/mach-sunxi/pm/standby/./../mem_int.o
 .note.GNU-stack
                0x00000000        0x0 arch/arm/mach-sunxi/pm/standby/./../mem_gpio.o
 .note.GNU-stack
                0x00000000        0x0 arch/arm/mach-sunxi/pm/standby/./../mem_tmr.o
 .note.GNU-stack
                0x00000000        0x0 arch/arm/mach-sunxi/pm/standby/./../mem_tmstmp.o
 .note.GNU-stack
                0x00000000        0x0 arch/arm/mach-sunxi/pm/standby/./../mem_clk.o
 .note.GNU-stack
                0x00000000        0x0 arch/arm/mach-sunxi/pm/standby/./arisc/standby_arisc.o
 .note.GNU-stack
                0x00000000        0x0 arch/arm/mach-sunxi/pm/standby/./arisc/arisc_hwmsgbox.o
 .note.GNU-stack
                0x00000000        0x0 arch/arm/mach-sunxi/pm/standby/./arisc/arisc_hwspinlock.o
 .note.GNU-stack
                0x00000000        0x0 arch/arm/mach-sunxi/pm/standby/./arisc/arisc_message_manager.o
 .note.GNU-stack
                0x00000000        0x0 arch/arm/mach-sunxi/pm/standby/./../mem_hwspinlock.o

.ARM.attributes
                0x00000000       0x31
 .ARM.attributes
                0x00000000       0x33 arch/arm/mach-sunxi/pm/standby/standby.o
 .ARM.attributes
                0x00000033       0x33 arch/arm/mach-sunxi/pm/standby/common.o
 .ARM.attributes
                0x00000066       0x33 arch/arm/mach-sunxi/pm/standby/standby_clock.o
 .ARM.attributes
                0x00000099       0x33 arch/arm/mach-sunxi/pm/standby/standby_ir.o
 .ARM.attributes
                0x000000cc       0x33 arch/arm/mach-sunxi/pm/standby/standby_key.o
 .ARM.attributes
                0x000000ff       0x33 arch/arm/mach-sunxi/pm/standby/axp209_power.o
 .ARM.attributes
                0x00000132       0x33 arch/arm/mach-sunxi/pm/standby/standby_power.o
 .ARM.attributes
                0x00000165       0x33 arch/arm/mach-sunxi/pm/standby/standby_twi.o
 .ARM.attributes
                0x00000198       0x33 arch/arm/mach-sunxi/pm/standby/standby_usb.o
 .ARM.attributes
                0x000001cb       0x21 arch/arm/mach-sunxi/pm/standby/standby_delay.o
 .ARM.attributes
                0x000001ec       0x33 arch/arm/mach-sunxi/pm/standby/./../pm_debug.o
 .ARM.attributes
                0x0000021f       0x33 arch/arm/mach-sunxi/pm/standby/./../mem_timing.o
 .ARM.attributes
                0x00000252       0x33 arch/arm/mach-sunxi/pm/standby/./../mem_mmu_pc.o
 .ARM.attributes
                0x00000285       0x21 arch/arm/mach-sunxi/pm/standby/./../mem_mmu_pc_asm.o
 .ARM.attributes
                0x000002a6       0x33 arch/arm/mach-sunxi/pm/standby/./../mem_serial.o
 .ARM.attributes
                0x000002d9       0x33 arch/arm/mach-sunxi/pm/standby/./../mem_printk.o
 .ARM.attributes
                0x0000030c       0x21 arch/arm/mach-sunxi/pm/standby/./../mem_divlib.o
 .ARM.attributes
                0x0000032d       0x33 arch/arm/mach-sunxi/pm/standby/./../mem_divlibc.o
 .ARM.attributes
                0x00000360       0x33 arch/arm/mach-sunxi/pm/standby/./../mem_int.o
 .ARM.attributes
                0x00000393       0x33 arch/arm/mach-sunxi/pm/standby/./../mem_gpio.o
 .ARM.attributes
                0x000003c6       0x33 arch/arm/mach-sunxi/pm/standby/./../mem_tmr.o
 .ARM.attributes
                0x000003f9       0x33 arch/arm/mach-sunxi/pm/standby/./../mem_tmstmp.o
 .ARM.attributes
                0x0000042c       0x33 arch/arm/mach-sunxi/pm/standby/./../mem_clk.o
 .ARM.attributes
                0x0000045f       0x33 arch/arm/mach-sunxi/pm/standby/./arisc/standby_arisc.o
 .ARM.attributes
                0x00000492       0x33 arch/arm/mach-sunxi/pm/standby/./arisc/arisc_hwmsgbox.o
 .ARM.attributes
                0x000004c5       0x33 arch/arm/mach-sunxi/pm/standby/./arisc/arisc_hwspinlock.o
 .ARM.attributes
                0x000004f8       0x33 arch/arm/mach-sunxi/pm/standby/./arisc/arisc_message_manager.o
 .ARM.attributes
                0x0000052b       0x33 arch/arm/mach-sunxi/pm/standby/./../mem_hwspinlock.o

.debug_frame    0x00000000      0xbd4
 .debug_frame   0x00000000       0x30 arch/arm/mach-sunxi/pm/standby/standby.o
 .debug_frame   0x00000030       0x20 arch/arm/mach-sunxi/pm/standby/common.o
 .debug_frame   0x00000050       0x60 arch/arm/mach-sunxi/pm/standby/standby_clock.o
 .debug_frame   0x000000b0       0x50 arch/arm/mach-sunxi/pm/standby/standby_ir.o
 .debug_frame   0x00000100       0x4c arch/arm/mach-sunxi/pm/standby/standby_key.o
 .debug_frame   0x0000014c       0x84 arch/arm/mach-sunxi/pm/standby/axp209_power.o
 .debug_frame   0x000001d0       0x4c arch/arm/mach-sunxi/pm/standby/standby_power.o
 .debug_frame   0x0000021c       0x48 arch/arm/mach-sunxi/pm/standby/standby_twi.o
 .debug_frame   0x00000264       0x50 arch/arm/mach-sunxi/pm/standby/standby_usb.o
 .debug_frame   0x000002b4      0x144 arch/arm/mach-sunxi/pm/standby/./../pm_debug.o
 .debug_frame   0x000003f8       0xdc arch/arm/mach-sunxi/pm/standby/./../mem_timing.o
 .debug_frame   0x000004d4       0x30 arch/arm/mach-sunxi/pm/standby/./../mem_mmu_pc.o
 .debug_frame   0x00000504      0x110 arch/arm/mach-sunxi/pm/standby/./../mem_serial.o
 .debug_frame   0x00000614       0xdc arch/arm/mach-sunxi/pm/standby/./../mem_printk.o
 .debug_frame   0x000006f0       0x30 arch/arm/mach-sunxi/pm/standby/./../mem_divlibc.o
 .debug_frame   0x00000720       0x5c arch/arm/mach-sunxi/pm/standby/./../mem_int.o
 .debug_frame   0x0000077c       0x40 arch/arm/mach-sunxi/pm/standby/./../mem_gpio.o
 .debug_frame   0x000007bc       0x80 arch/arm/mach-sunxi/pm/standby/./../mem_tmr.o
 .debug_frame   0x0000083c       0x30 arch/arm/mach-sunxi/pm/standby/./../mem_tmstmp.o
 .debug_frame   0x0000086c       0xec arch/arm/mach-sunxi/pm/standby/./../mem_clk.o
 .debug_frame   0x00000958       0xac arch/arm/mach-sunxi/pm/standby/./arisc/standby_arisc.o
 .debug_frame   0x00000a04       0xb4 arch/arm/mach-sunxi/pm/standby/./arisc/arisc_hwmsgbox.o
 .debug_frame   0x00000ab8       0x50 arch/arm/mach-sunxi/pm/standby/./arisc/arisc_hwspinlock.o
 .debug_frame   0x00000b08       0x64 arch/arm/mach-sunxi/pm/standby/./arisc/arisc_message_manager.o
 .debug_frame   0x00000b6c       0x68 arch/arm/mach-sunxi/pm/standby/./../mem_hwspinlock.o
